Enter password:
Welcome to the MySQL monitor.  Commands end with ; or \g.
Your MySQL connection id is 25
Server version: 8.0.34 MySQL Community Server - GPL

Copyright (c) 2000, 2023, Oracle and/or its affiliates.

Oracle is a registered trademark of Oracle Corporation and/or its
affiliates. Other names may be trademarks of their respective
owners.

Type 'help;' or '\h' for help. Type '\c' to clear the current input statement.

mysql> show databases;
+------------------------+
| Database               |
+------------------------+
| company                |
| db3                    |
| information_schema     |
| mysql                  |
| part_explorer_database |
| performance_schema     |
| sys                    |
+------------------------+
7 rows in set (0.00 sec)

mysql> use part_explorer_database;
Database changed
mysql> INSERT INTO PARTS (SerialNumber, brand, price, PartType) VALUES(1,'Brand1', '100.00', 'Storage Drive');
Query OK, 1 row affected (0.01 sec)

mysql> INSERT INTO PARTS (SerialNumber, Brand, Price, PartType)
    -> VALUES
    ->     ('SN1', 'Brand1', 100.00, 'Storage Drive'),
    ->     ('SN2', 'Brand2', 150.00, 'Storage Drive'),
    ->     ('SN3', 'Brand3', 200.00, 'Motherboard'),
    ->     ('SN4', 'Brand4', 250.00, 'Motherboard'),
    ->     ('SN5', 'Brand5', 300.00, 'CPU'),
    ->     ('SN6', 'Brand6', 350.00, 'CPU'),
    ->     ('SN7', 'Brand7', 400.00, 'Power Supply'),
    ->     ('SN8', 'Brand8', 450.00, 'Power Supply'),
    ->     ('SN9', 'Brand9', 500.00, 'GPU'),
    ->     ('SN10', 'Brand10', 550.00, 'GPU');
ERROR 1366 (HY000): Incorrect integer value: 'SN1' for column 'SerialNumber' at row 1
mysql> INSERT INTO PARTS (SerialNumber, brand, price, PartType) VALUES(1,'Brand1', '100.00', 'Storage Drive')
    -> ^C
mysql>
mysql> INSERT INTO PARTS (SerialNumber, brand, price, PartType) VALUES(2,'Brand2', '150.00', 'Storage Drive')
    -> ;
Query OK, 1 row affected (0.00 sec)

mysql> INSERT INTO PARTS (SerialNumber, brand, price, PartType) VALUES(3,'Brand3', '200.00', 'Motherboard');
Query OK, 1 row affected (0.00 sec)

mysql> INSERT INTO PARTS (SerialNumber, brand, price, PartType) VALUES(4,'Brand4', '250.00', 'Motherboard');
Query OK, 1 row affected (0.00 sec)

mysql> INSERT INTO PARTS (SerialNumber, brand, price, PartType) VALUES(5,'Brand5', '300.00', 'CPU');
Query OK, 1 row affected (0.00 sec)

mysql> INSERT INTO PARTS (SerialNumber, brand, price, PartType) VALUES(6,'Brand6', '350.00', 'CPU');
Query OK, 1 row affected (0.00 sec)

mysql> INSERT INTO PARTS (SerialNumber, brand, price, PartType) VALUES(7,'Brand7', '400.00', 'Power Supply');
Query OK, 1 row affected (0.00 sec)

mysql> INSERT INTO PARTS (SerialNumber, brand, price, PartType) VALUES(8,'Brand8', '450.00', 'Power Supply');
Query OK, 1 row affected (0.00 sec)

mysql> INSERT INTO PARTS (SerialNumber, brand, price, PartType) VALUES(9,'Brand9', '500.00', 'GPU');
Query OK, 1 row affected (0.09 sec)

mysql> INSERT INTO PARTS (SerialNumber, brand, price, PartType) VALUES(9,'Brand9', '500.00', 'GPU');
       INSERT INTO PARTS (SerialNumber, brand, price, PartType) VALUES(10,'Brand10', '550.00', 'GPU');
Query OK, 1 row affected (0.00 sec)

mysql> INSERT INTO MOTHERBOARD (SerialNumber, Num_SATA, Num_RAM) VALUES (21, 6, 4);
Query OK, 1 row affected (0.00 sec)

mysql> INSERT INTO MOTHERBOARD (SerialNumber, Num_SATA, Num_RAM) VALUES (22, 8, 4);
Query OK, 1 row affected (0.00 sec)

mysql> INSERT INTO MOTHERBOARD (SerialNumber, Num_SATA, Num_RAM) VALUES (23, 6, 8);
Query OK, 1 row affected (0.00 sec)

mysql> INSERT INTO MOTHERBOARD (SerialNumber, Num_SATA, Num_RAM) VALUES (24, 8, 8);
Query OK, 1 row affected (0.00 sec)

mysql> INSERT INTO MOTHERBOARD (SerialNumber, Num_SATA, Num_RAM) VALUES (25, 4, 16);
Query OK, 1 row affected (0.00 sec)

mysql> INSERT INTO MOTHERBOARD (SerialNumber, Num_SATA, Num_RAM) VALUES (26, 6, 32);
Query OK, 1 row affected (0.00 sec)

mysql> INSERT INTO MOTHERBOARD (SerialNumber, Num_SATA, Num_RAM) VALUES (27, 4, 8);
Query OK, 1 row affected (0.00 sec)

mysql> INSERT INTO MOTHERBOARD (SerialNumber, Num_SATA, Num_RAM) VALUES (28, 6, 16);
Query OK, 1 row affected (0.00 sec)

mysql> INSERT INTO MOTHERBOARD (SerialNumber, Num_SATA, Num_RAM) VALUES (29, 8, 32);
Query OK, 1 row affected (0.00 sec)

mysql> INSERT INTO MOTHERBOARD (SerialNumber, Num_SATA, Num_RAM) VALUES (30, 4, 4);
Query OK, 1 row affected (0.00 sec)

mysql> INSERT INTO CPU (SerialNumber, Num_Cores, Num_Threads) VALUES (31, 4, 8);
Query OK, 1 row affected (0.00 sec)

mysql> INSERT INTO CPU (SerialNumber, Num_Cores, Num_Threads) VALUES (32, 6, 12);
Query OK, 1 row affected (0.00 sec)

mysql> INSERT INTO CPU (SerialNumber, Num_Cores, Num_Threads) VALUES (33, 8, 16);
Query OK, 1 row affected (0.00 sec)

mysql> INSERT INTO CPU (SerialNumber, Num_Cores, Num_Threads) VALUES (34, 4, 8);
Query OK, 1 row affected (0.00 sec)

mysql> INSERT INTO CPU (SerialNumber, Num_Cores, Num_Threads) VALUES (35, 6, 12);
Query OK, 1 row affected (0.00 sec)

mysql> INSERT INTO CPU (SerialNumber, Num_Cores, Num_Threads) VALUES (36, 8, 16);
Query OK, 1 row affected (0.00 sec)

mysql> INSERT INTO CPU (SerialNumber, Num_Cores, Num_Threads) VALUES (37, 4, 8);
Query OK, 1 row affected (0.00 sec)

mysql> INSERT INTO CPU (SerialNumber, Num_Cores, Num_Threads) VALUES (38, 6, 12);
Query OK, 1 row affected (0.00 sec)

mysql> INSERT INTO CPU (SerialNumber, Num_Cores, Num_Threads) VALUES (39, 8, 16);
Query OK, 1 row affected (0.00 sec)

mysql> INSERT INTO CPU (SerialNumber, Num_Cores, Num_Threads) VALUES (40, 4, 8);
Query OK, 1 row affected (0.00 sec)

mysql> INSERT INTO POWER_SUPPLY (SerialNumber, Wattage) VALUES (41, 500);
Query OK, 1 row affected (0.00 sec)

mysql> INSERT INTO POWER_SUPPLY (SerialNumber, Wattage) VALUES (42, 650);
Query OK, 1 row affected (0.00 sec)

mysql> INSERT INTO POWER_SUPPLY (SerialNumber, Wattage) VALUES (43, 750);
Query OK, 1 row affected (0.00 sec)

mysql> INSERT INTO POWER_SUPPLY (SerialNumber, Wattage) VALUES (44, 500);
Query OK, 1 row affected (0.00 sec)

mysql> INSERT INTO POWER_SUPPLY (SerialNumber, Wattage) VALUES (45, 650);
Query OK, 1 row affected (0.00 sec)

mysql> INSERT INTO POWER_SUPPLY (SerialNumber, Wattage) VALUES (46, 750);
Query OK, 1 row affected (0.00 sec)

mysql> INSERT INTO POWER_SUPPLY (SerialNumber, Wattage) VALUES (47, 500);
Query OK, 1 row affected (0.00 sec)

mysql> INSERT INTO POWER_SUPPLY (SerialNumber, Wattage) VALUES (48, 650);
Query OK, 1 row affected (0.00 sec)

mysql> INSERT INTO POWER_SUPPLY (SerialNumber, Wattage) VALUES (49, 750);
Query OK, 1 row affected (0.00 sec)

mysql> INSERT INTO POWER_SUPPLY (SerialNumber, Wattage) VALUES (50, 500);
Query OK, 1 row affected (0.00 sec)

mysql> INSERT INTO GPU (SerialNumber, Memory, Clock_Speed) VALUES (51, 4, 1000);
Query OK, 1 row affected (0.00 sec)

mysql> INSERT INTO GPU (SerialNumber, Memory, Clock_Speed) VALUES (52, 6, 1200);
Query OK, 1 row affected (0.00 sec)

mysql> INSERT INTO GPU (SerialNumber, Memory, Clock_Speed) VALUES (53, 8, 1500);
Query OK, 1 row affected (0.00 sec)

mysql> INSERT INTO GPU (SerialNumber, Memory, Clock_Speed) VALUES (54, 4, 1100);
Query OK, 1 row affected (0.00 sec)

mysql> INSERT INTO GPU (SerialNumber, Memory, Clock_Speed) VALUES (55, 6, 1300);
Query OK, 1 row affected (0.00 sec)

mysql> INSERT INTO GPU (SerialNumber, Memory, Clock_Speed) VALUES (56, 8, 1600);
Query OK, 1 row affected (0.00 sec)

mysql> INSERT INTO GPU (SerialNumber, Memory, Clock_Speed) VALUES (57, 4, 1200);
Query OK, 1 row affected (0.00 sec)

mysql> INSERT INTO GPU (SerialNumber, Memory, Clock_Speed) VALUES (58, 6, 1400);
Query OK, 1 row affected (0.00 sec)

mysql> INSERT INTO GPU (SerialNumber, Memory, Clock_Speed) VALUES (59, 8, 1700);
Query OK, 1 row affected (0.00 sec)

mysql> INSERT INTO GPU (SerialNumber, Memory, Clock_Speed) VALUES (60, 4, 1300);
Query OK, 1 row affected (0.00 sec)

mysql> INSERT INTO COOLING_FAN (SerialNumber, RPM) VALUES (61, 1200);
Query OK, 1 row affected (0.00 sec)

mysql> INSERT INTO COOLING_FAN (SerialNumber, RPM) VALUES (62, 1400);
Query OK, 1 row affected (0.00 sec)

mysql> INSERT INTO COOLING_FAN (SerialNumber, RPM) VALUES (63, 1600);
Query OK, 1 row affected (0.00 sec)

mysql> INSERT INTO COOLING_FAN (SerialNumber, RPM) VALUES (64, 1800);
Query OK, 1 row affected (0.00 sec)

mysql> INSERT INTO COOLING_FAN (SerialNumber, RPM) VALUES (65, 2000);
Query OK, 1 row affected (0.28 sec)

mysql> INSERT INTO COOLING_FAN (SerialNumber, RPM) VALUES (66, 2200);
Query OK, 1 row affected (0.00 sec)

mysql> INSERT INTO COOLING_FAN (SerialNumber, RPM) VALUES (67, 2400);
Query OK, 1 row affected (0.00 sec)

mysql> INSERT INTO COOLING_FAN (SerialNumber, RPM) VALUES (68, 2600);
Query OK, 1 row affected (0.00 sec)

mysql> INSERT INTO COOLING_FAN (SerialNumber, RPM) VALUES (69, 2800);
Query OK, 1 row affected (0.00 sec)

mysql> INSERT INTO COOLING_FAN (SerialNumber, RPM) VALUES (70, 3000);
Query OK, 1 row affected (0.00 sec)

mysql> INSERT INTO RAM (SerialNumber, RAM_Type, Capacity) VALUES (71, 'DDR4', 8);
ERROR 1054 (42S22): Unknown column 'Capacity' in 'field list'
mysql> INSERT INTO RAM (SerialNumber, RAM_Type, Capactiy) VALUES (71, 'DDR4', 8);
Query OK, 1 row affected (0.00 sec)

mysql> INSERT INTO RAM (SerialNumber, RAM_Type, Capactiy) VALUES (72, 'DDR4', 16);
Query OK, 1 row affected (0.00 sec)

mysql> INSERT INTO RAM (SerialNumber, RAM_Type, Capactiy) VALUES (73, 'DDR4', 32);
Query OK, 1 row affected (0.01 sec)

mysql> INSERT INTO RAM (SerialNumber, RAM_Type, Capactiy) VALUES (74, 'DDR4', 8);
Query OK, 1 row affected (0.00 sec)

mysql> INSERT INTO RAM (SerialNumber, RAM_Type, Capactiy) VALUES (75, 'DDR4', 16);
Query OK, 1 row affected (0.00 sec)

mysql> INSERT INTO RAM (SerialNumber, RAM_Type, Capactiy) VALUES (76, 'DDR4', 32);
Query OK, 1 row affected (0.00 sec)

mysql> INSERT INTO RAM (SerialNumber, RAM_Type, Capactiy) VALUES (77, 'DDR4', 8);
Query OK, 1 row affected (0.00 sec)

mysql> INSERT INTO RAM (SerialNumber, RAM_Type, Capactiy) VALUES (77, 'DDR3', 8);
Query OK, 1 row affected (0.00 sec)

mysql> INSERT INTO RAM (SerialNumber, RAM_Type, Capactiy) VALUES (78, 'DDR3', 16);
Query OK, 1 row affected (0.00 sec)

mysql> INSERT INTO RAM (SerialNumber, RAM_Type, Capactiy) VALUES (79, 'DDR3', 32);
Query OK, 1 row affected (0.00 sec)

mysql> INSERT INTO RAM (SerialNumber, RAM_Type, Capactiy) VALUES (80, 'DDR3', 8);
Query OK, 1 row affected (0.00 sec)

mysql> INSERT INTO PRICE_BUILD_PARTS (PriceBuild_ID, SerialNumber) VALUES (1, 1);

Query OK, 1 row affected (0.00 sec)

mysql> INSERT INTO PRICE_BUILD_PARTS (PriceBuild_ID, SerialNumber) VALUES (2, 2);
Query OK, 1 row affected (0.00 sec)

mysql> INSERT INTO PRICE_BUILD_PARTS (PriceBuild_ID, SerialNumber) VALUES (3, 3);
Query OK, 1 row affected (0.00 sec)

mysql> INSERT INTO PRICE_BUILD_PARTS (PriceBuild_ID, SerialNumber) VALUES (4, 4);
Query OK, 1 row affected (0.00 sec)

mysql> INSERT INTO PRICE_BUILD_PARTS (PriceBuild_ID, SerialNumber) VALUES (5, 5);
Query OK, 1 row affected (0.00 sec)

mysql> INSERT INTO PRICE_BUILD_PARTS (PriceBuild_ID, SerialNumber) VALUES (6, 6);
Query OK, 1 row affected (0.00 sec)

mysql> INSERT INTO PRICE_BUILD_PARTS (PriceBuild_ID, SerialNumber) VALUES (7, 7);
Query OK, 1 row affected (0.03 sec)

mysql> INSERT INTO PRICE_BUILD_PARTS (PriceBuild_ID, SerialNumber) VALUES (8, 8);
Query OK, 1 row affected (0.00 sec)

mysql> INSERT INTO PRICE_BUILD_PARTS (PriceBuild_ID, SerialNumber) VALUES (9, 9);
Query OK, 1 row affected (0.00 sec)

mysql> INSERT INTO PRICE_BUILD_PARTS (PriceBuild_ID, SerialNumber) VALUES (10, 10);
Query OK, 1 row affected (0.00 sec)

mysql>